exports[`App should render properly 1`] = `"<div class=\"child\">Hello</div>"`;
