exports[`Home should render properly 1`] = `"<div class=\"app__home app__route\"><div class=\"app__container\"><div class=\"app__home__wrapper\"><div class=\"app__home__header\"><div class=\"app__logo\"><span class=\"isvg failed\"><img src=\"\" alt=\"React-Redux-Observables Boilerplate\"></span></div></div><h1>A starter kit for React with Router, Redux, Observable + RxJS</h1><a href=\"#login\" class=\"btn btn-lg btn-primary btn-icon\"><i class=\"i-sign-in\"></i><span>Login</span></a></div></div></div>"`;
