exports[`Private should render properly 1`] = `"<div class=\"app__logged app__route\"><div class=\"app__container\"><h2>Popular Repos</h2><div class=\"app__logged__repos\"><div><a href=\"http://...\" target=\"_blank\">github/Repo</a><div>Oh Hai</div></div></div></div></div>"`;
